JOBID=26728524 ROUND=1 MAX_ROUNDS=50
RUN_NAME=raven_default
RUN_DIR=/raven/u/xshan/camels_train/data/CAMELS_data_load/model_artifacts/raven_default
DATA_DIR=/raven/u/xshan/camels_train/data/CAMELS_data_load/processed
PROJECT_DIR=/raven/u/xshan/camels_train/data/CAMELS_data_load
SLURM_SUBMIT_DIR=/raven/u/xshan/camels_train/data/CAMELS_data_load
PYTHON_BIN=/u/xshan/conda-envs/dl_project/bin/python
CUDA_VISIBLE_DEVICES=0
Launching training command: /u/xshan/conda-envs/dl_project/bin/python /raven/u/xshan/camels_train/data/CAMELS_data_load/train_vanilla_transformer_qobs.py --device cuda --data-dir /raven/u/xshan/camels_train/data/CAMELS_data_load/processed --output-dir /raven/u/xshan/camels_train/data/CAMELS_data_load/model_artifacts --run-name raven_default --num-workers 4 --pin-memory
Using joined file: /raven/u/xshan/camels_train/data/CAMELS_data_load/processed/camels_transformer_joined.parquet
Target column: QObs(mm/day)
Feature columns: ['Dayl(s)', 'PRCP(mm/day)', 'SRAD(W/m2)', 'SWE(mm)', 'Tmax(C)', 'Tmin(C)', 'Vp(Pa)', 'doy_sin', 'doy_cos', 'basin_code']
Rows: 8415489
Basins: 671
Date range: 1980-01-01 to 2014-12-31
Run directory: /raven/u/xshan/camels_train/data/CAMELS_data_load/model_artifacts/raven_default
Usable basins: 633
Independent holdout: 2008-01-01 to 2014-12-31
Cross-validation folds:
 Fold 0 train years 1980 to 1985 | val years 1986 to 1991
 Fold 1 train years 1980 to 1991 | val years 1992 to 1997
 Fold 2 train years 1980 to 1997 | val years 1998 to 2002
 Fold 3 train years 1980 to 2002 | val years 2003 to 2007
Training device: cuda

=== Random search trial 1/8 ===
{'batch_size': 96, 'd_model': 160, 'dim_feedforward': 256, 'dropout': 0.05, 'learning_rate': 0.0002, 'nhead': 8, 'num_layers': 4, 'weight_decay': 0.0005}
{'epoch': 1, 'train_loss': 0.922542154788971, 'train_nse': 0.07745784521102905, 'val_loss': 0.6790045499801636, 'val_nse': 0.3209954500198364, 'val_rmse': 3.5912017822265625, 'val_mae': 0.8282437324523926}
{'epoch': 2, 'train_loss': 0.8935331106185913, 'train_nse': 0.10646688938140869, 'val_loss': 0.6623832583427429, 'val_nse': 0.3376167416572571, 'val_rmse': 3.5469748973846436, 'val_mae': 0.8465756773948669}
{'epoch': 3, 'train_loss': 0.8855186700820923, 'train_nse': 0.11448132991790771, 'val_loss': 0.6501317024230957, 'val_nse': 0.3498682975769043, 'val_rmse': 3.514019250869751, 'val_mae': 0.783768355846405}
{'epoch': 4, 'train_loss': 0.8785275220870972, 'train_nse': 0.12147247791290283, 'val_loss': 0.6365106701850891, 'val_nse': 0.3634893298149109, 'val_rmse': 3.477012872695923, 'val_mae': 0.8417350053787231}
{'epoch': 5, 'train_loss': 0.8752602338790894, 'train_nse': 0.12473976612091064, 'val_loss': 0.6345763802528381, 'val_nse': 0.36542361974716187, 'val_rmse': 3.4717257022857666, 'val_mae': 0.7624527812004089}
{'epoch': 6, 'train_loss': 0.8744567632675171, 'train_nse': 0.1255432367324829, 'val_loss': 0.6446194648742676, 'val_nse': 0.3553805351257324, 'val_rmse': 3.4990904331207275, 'val_mae': 0.7965608835220337}
{'epoch': 1, 'train_loss': 0.8793451189994812, 'train_nse': 0.1206548810005188, 'val_loss': 0.5545392036437988, 'val_nse': 0.44546079635620117, 'val_rmse': 2.8655343055725098, 'val_mae': 1.066788911819458}
{'epoch': 2, 'train_loss': 0.8297669291496277, 'train_nse': 0.17023307085037231, 'val_loss': 0.5331485867500305, 'val_nse': 0.4668514132499695, 'val_rmse': 2.8097236156463623, 'val_mae': 0.8973257541656494}
{'epoch': 3, 'train_loss': 0.8176105618476868, 'train_nse': 0.18238943815231323, 'val_loss': 0.47987663745880127, 'val_nse': 0.5201233625411987, 'val_rmse': 2.6656572818756104, 'val_mae': 0.8615456223487854}
{'epoch': 4, 'train_loss': 0.813918948173523, 'train_nse': 0.18608105182647705, 'val_loss': 0.4635127782821655, 'val_nse': 0.5364872217178345, 'val_rmse': 2.6198134422302246, 'val_mae': 0.8441482782363892}
{'epoch': 5, 'train_loss': 0.8072874546051025, 'train_nse': 0.19271254539489746, 'val_loss': 0.4678393602371216, 'val_nse': 0.5321606397628784, 'val_rmse': 2.632012128829956, 'val_mae': 0.7744147181510925}
{'epoch': 6, 'train_loss': 0.8067834377288818, 'train_nse': 0.19321656227111816, 'val_loss': 0.4602787494659424, 'val_nse': 0.5397212505340576, 'val_rmse': 2.6106579303741455, 'val_mae': 0.925865888595581}
{'epoch': 1, 'train_loss': 0.8473238348960876, 'train_nse': 0.15267616510391235, 'val_loss': 0.6205536127090454, 'val_nse': 0.3794463872909546, 'val_rmse': 2.9493887424468994, 'val_mae': 1.286475419998169}
{'epoch': 2, 'train_loss': 0.7795645594596863, 'train_nse': 0.22043544054031372, 'val_loss': 0.4788503050804138, 'val_nse': 0.5211496949195862, 'val_rmse': 2.5908498764038086, 'val_mae': 0.8550044298171997}
{'epoch': 3, 'train_loss': 0.7631425857543945, 'train_nse': 0.23685741424560547, 'val_loss': 0.4814242124557495, 'val_nse': 0.5185757875442505, 'val_rmse': 2.5978035926818848, 'val_mae': 0.7860085964202881}
{'epoch': 4, 'train_loss': 0.7599692344665527, 'train_nse': 0.24003076553344727, 'val_loss': 0.472517728805542, 'val_nse': 0.527482271194458, 'val_rmse': 2.5736615657806396, 'val_mae': 0.7371640801429749}
{'epoch': 5, 'train_loss': 0.7507439851760864, 'train_nse': 0.24925601482391357, 'val_loss': 0.44952189922332764, 'val_nse': 0.5504781007766724, 'val_rmse': 2.5102546215057373, 'val_mae': 0.732968807220459}
{'epoch': 6, 'train_loss': 0.7460452914237976, 'train_nse': 0.2539547085762024, 'val_loss': 0.4644709825515747, 'val_nse': 0.5355290174484253, 'val_rmse': 2.5516531467437744, 'val_mae': 0.8139816522598267}
{'epoch': 1, 'train_loss': 0.7929549813270569, 'train_nse': 0.20704501867294312, 'val_loss': 0.551047682762146, 'val_nse': 0.448952317237854, 'val_rmse': 2.670863389968872, 'val_mae': 0.8623800873756409}
{'epoch': 2, 'train_loss': 0.7157936096191406, 'train_nse': 0.2842063903808594, 'val_loss': 0.516808271408081, 'val_nse': 0.48319172859191895, 'val_rmse': 2.5865554809570312, 'val_mae': 0.8055223822593689}
{'epoch': 3, 'train_loss': 0.6987107992172241, 'train_nse': 0.3012892007827759, 'val_loss': 0.47532761096954346, 'val_nse': 0.5246723890304565, 'val_rmse': 2.4805819988250732, 'val_mae': 0.7596719861030579}
{'epoch': 4, 'train_loss': 0.6878775358200073, 'train_nse': 0.3121224641799927, 'val_loss': 0.44945764541625977, 'val_nse': 0.5505423545837402, 'val_rmse': 2.4121341705322266, 'val_mae': 0.8282588720321655}
{'epoch': 5, 'train_loss': 0.6821882128715515, 'train_nse': 0.3178117871284485, 'val_loss': 0.5059900283813477, 'val_nse': 0.49400997161865234, 'val_rmse': 2.559340238571167, 'val_mae': 0.775698721408844}
{'epoch': 6, 'train_loss': 0.6821150183677673, 'train_nse': 0.31788498163223267, 'val_loss': 0.4608273506164551, 'val_nse': 0.5391726493835449, 'val_rmse': 2.442452907562256, 'val_mae': 0.757972776889801}
Early stopping triggered.

=== Random search trial 2/8 ===
{'batch_size': 32, 'd_model': 160, 'dim_feedforward': 128, 'dropout': 0.2, 'learning_rate': 0.0002, 'nhead': 8, 'num_layers': 3, 'weight_decay': 0.0}
{'epoch': 1, 'train_loss': 0.9194092750549316, 'train_nse': 0.08059072494506836, 'val_loss': 0.7016258835792542, 'val_nse': 0.29837411642074585, 'val_rmse': 3.616405963897705, 'val_mae': 0.8488706350326538}
{'epoch': 2, 'train_loss': 0.8961378931999207, 'train_nse': 0.10386210680007935, 'val_loss': 0.6715362668037415, 'val_nse': 0.32846373319625854, 'val_rmse': 3.538010358810425, 'val_mae': 0.8629707098007202}
{'epoch': 3, 'train_loss': 0.8898013830184937, 'train_nse': 0.11019861698150635, 'val_loss': 0.6825684309005737, 'val_nse': 0.31743156909942627, 'val_rmse': 3.566953659057617, 'val_mae': 0.8038915395736694}
{'epoch': 4, 'train_loss': 0.8875042796134949, 'train_nse': 0.11249572038650513, 'val_loss': 0.6819643378257751, 'val_nse': 0.31803566217422485, 'val_rmse': 3.5653748512268066, 'val_mae': 0.8577172756195068}
Early stopping triggered.
{'epoch': 1, 'train_loss': 0.87798011302948, 'train_nse': 0.12201988697052002, 'val_loss': 0.5715519189834595, 'val_nse': 0.4284480810165405, 'val_rmse': 3.144307851791382, 'val_mae': 0.9254624843597412}
{'epoch': 2, 'train_loss': 0.8399543762207031, 'train_nse': 0.16004562377929688, 'val_loss': 0.5442482233047485, 'val_nse': 0.45575177669525146, 'val_rmse': 3.0682854652404785, 'val_mae': 1.032880187034607}
{'epoch': 3, 'train_loss': 0.8291788101196289, 'train_nse': 0.1708211898803711, 'val_loss': 0.5177299380302429, 'val_nse': 0.4822700619697571, 'val_rmse': 2.9926013946533203, 'val_mae': 0.8918930888175964}
{'epoch': 4, 'train_loss': 0.8251118659973145, 'train_nse': 0.17488813400268555, 'val_loss': 0.5037351250648499, 'val_nse': 0.49626487493515015, 'val_rmse': 2.9518778324127197, 'val_mae': 0.8564656376838684}
{'epoch': 5, 'train_loss': 0.8190515041351318, 'train_nse': 0.18094849586486816, 'val_loss': 0.47810959815979004, 'val_nse': 0.52189040184021, 'val_rmse': 2.8758151531219482, 'val_mae': 0.9097968935966492}
{'epoch': 6, 'train_loss': 0.8160687685012817, 'train_nse': 0.18393123149871826, 'val_loss': 0.48093390464782715, 'val_nse': 0.5190660953521729, 'val_rmse': 2.8842966556549072, 'val_mae': 0.8714422583580017}
{'epoch': 1, 'train_loss': 0.7967164516448975, 'train_nse': 0.20328354835510254, 'val_loss': 0.5390148758888245, 'val_nse': 0.46098512411117554, 'val_rmse': 2.4269256591796875, 'val_mae': 0.794791042804718}
{'epoch': 2, 'train_loss': 0.730811595916748, 'train_nse': 0.26918840408325195, 'val_loss': 0.45262837409973145, 'val_nse': 0.5473716259002686, 'val_rmse': 2.2239601612091064, 'val_mae': 0.7938444018363953}
{'epoch': 3, 'train_loss': 0.7174828052520752, 'train_nse': 0.2825171947479248, 'val_loss': 0.4234691858291626, 'val_nse': 0.5765308141708374, 'val_rmse': 2.1511316299438477, 'val_mae': 0.7269351482391357}
{'epoch': 4, 'train_loss': 0.7068455815315247, 'train_nse': 0.29315441846847534, 'val_loss': 0.4178162217140198, 'val_nse': 0.5821837782859802, 'val_rmse': 2.136725664138794, 'val_mae': 0.6940189003944397}
{'epoch': 5, 'train_loss': 0.7006087899208069, 'train_nse': 0.2993912100791931, 'val_loss': 0.46018898487091064, 'val_nse': 0.5398110151290894, 'val_rmse': 2.242457389831543, 'val_mae': 0.8247644901275635}
{'epoch': 6, 'train_loss': 0.6947032809257507, 'train_nse': 0.30529671907424927, 'val_loss': 0.47333580255508423, 'val_nse': 0.5266641974449158, 'val_rmse': 2.274263620376587, 'val_mae': 1.0131372213363647}
Early stopping triggered.
{'epoch': 1, 'train_loss': 0.8335545063018799, 'train_nse': 0.16644549369812012, 'val_loss': 0.49877727031707764, 'val_nse': 0.5012227296829224, 'val_rmse': 2.4949326515197754, 'val_mae': 0.8528665900230408}
{'epoch': 2, 'train_loss': 0.7831675410270691, 'train_nse': 0.2168324589729309, 'val_loss': 0.46581321954727173, 'val_nse': 0.5341867804527283, 'val_rmse': 2.411078929901123, 'val_mae': 0.8897053599357605}
{'epoch': 3, 'train_loss': 0.7718716859817505, 'train_nse': 0.2281283140182495, 'val_loss': 0.4579504728317261, 'val_nse': 0.5420495271682739, 'val_rmse': 2.390643358230591, 'val_mae': 0.8428086042404175}
{'epoch': 4, 'train_loss': 0.7667080760002136, 'train_nse': 0.23329192399978638, 'val_loss': 0.47632038593292236, 'val_nse': 0.5236796140670776, 'val_rmse': 2.438120126724243, 'val_mae': 0.7456524968147278}
{'epoch': 5, 'train_loss': 0.7576376795768738, 'train_nse': 0.24236232042312622, 'val_loss': 0.44634246826171875, 'val_nse': 0.5536575317382812, 'val_rmse': 2.360150098800659, 'val_mae': 0.7223712801933289}
{'epoch': 6, 'train_loss': 0.7546740174293518, 'train_nse': 0.2453259825706482, 'val_loss': 0.4323878288269043, 'val_nse': 0.5676121711730957, 'val_rmse': 2.322962760925293, 'val_mae': 0.8208836317062378}

=== Random search trial 3/8 ===
{'batch_size': 96, 'd_model': 128, 'dim_feedforward': 256, 'dropout': 0.1, 'learning_rate': 0.0001, 'nhead': 8, 'num_layers': 4, 'weight_decay': 0.0}
{'epoch': 1, 'train_loss': 0.947929322719574, 'train_nse': 0.052070677280426025, 'val_loss': 0.753995418548584, 'val_nse': 0.24600458145141602, 'val_rmse': 3.7940380573272705, 'val_mae': 0.8704833388328552}
{'epoch': 2, 'train_loss': 0.9133354425430298, 'train_nse': 0.08666455745697021, 'val_loss': 0.6975879669189453, 'val_nse': 0.3024120330810547, 'val_rmse': 3.6493608951568604, 'val_mae': 0.8179842233657837}
{'epoch': 3, 'train_loss': 0.9027550220489502, 'train_nse': 0.0972449779510498, 'val_loss': 0.6783408522605896, 'val_nse': 0.3216591477394104, 'val_rmse': 3.5986640453338623, 'val_mae': 0.7882658839225769}
{'epoch': 4, 'train_loss': 0.8964550495147705, 'train_nse': 0.10354495048522949, 'val_loss': 0.659193217754364, 'val_nse': 0.340806782245636, 'val_rmse': 3.5475106239318848, 'val_mae': 0.8271681666374207}
{'epoch': 5, 'train_loss': 0.8931384086608887, 'train_nse': 0.10686159133911133, 'val_loss': 0.6587961316108704, 'val_nse': 0.34120386838912964, 'val_rmse': 3.5464417934417725, 'val_mae': 0.7624335289001465}
{'epoch': 6, 'train_loss': 0.8889551162719727, 'train_nse': 0.11104488372802734, 'val_loss': 0.6499963998794556, 'val_nse': 0.35000360012054443, 'val_rmse': 3.522676944732666, 'val_mae': 0.8475866913795471}
{'epoch': 1, 'train_loss': 0.9088740944862366, 'train_nse': 0.09112590551376343, 'val_loss': 0.601173460483551, 'val_nse': 0.398826539516449, 'val_rmse': 2.78104829788208, 'val_mae': 0.9699005484580994}
{'epoch': 2, 'train_loss': 0.8556340932846069, 'train_nse': 0.14436590671539307, 'val_loss': 0.5238182544708252, 'val_nse': 0.4761817455291748, 'val_rmse': 2.595965623855591, 'val_mae': 0.8693190217018127}
{'epoch': 3, 'train_loss': 0.8339786529541016, 'train_nse': 0.16602134704589844, 'val_loss': 0.5000548958778381, 'val_nse': 0.49994510412216187, 'val_rmse': 2.536398410797119, 'val_mae': 0.8173543214797974}
{'epoch': 4, 'train_loss': 0.8258626461029053, 'train_nse': 0.17413735389709473, 'val_loss': 0.4810108542442322, 'val_nse': 0.5189891457557678, 'val_rmse': 2.4876315593719482, 'val_mae': 0.8785814046859741}
{'epoch': 5, 'train_loss': 0.8186923265457153, 'train_nse': 0.18130767345428467, 'val_loss': 0.453572154045105, 'val_nse': 0.546427845954895, 'val_rmse': 2.415637731552124, 'val_mae': 0.8060257434844971}
{'epoch': 6, 'train_loss': 0.8132579326629639, 'train_nse': 0.18674206733703613, 'val_loss': 0.446689248085022, 'val_nse': 0.553310751914978, 'val_rmse': 2.3972392082214355, 'val_mae': 0.8282873630523682}
{'epoch': 1, 'train_loss': 0.8843719363212585, 'train_nse': 0.11562806367874146, 'val_loss': 0.5921880602836609, 'val_nse': 0.4078119397163391, 'val_rmse': 2.5206174850463867, 'val_mae': 0.8719956874847412}
{'epoch': 2, 'train_loss': 0.8078671097755432, 'train_nse': 0.1921328902244568, 'val_loss': 0.5178638696670532, 'val_nse': 0.4821361303329468, 'val_rmse': 2.357137680053711, 'val_mae': 0.7643532752990723}
{'epoch': 3, 'train_loss': 0.7805480360984802, 'train_nse': 0.21945196390151978, 'val_loss': 0.4685097932815552, 'val_nse': 0.5314902067184448, 'val_rmse': 2.24200439453125, 'val_mae': 0.7681525945663452}
{'epoch': 4, 'train_loss': 0.7650091052055359, 'train_nse': 0.2349908947944641, 'val_loss': 0.4535556435585022, 'val_nse': 0.5464443564414978, 'val_rmse': 2.2059333324432373, 'val_mae': 0.8000880479812622}
{'epoch': 5, 'train_loss': 0.7579982876777649, 'train_nse': 0.2420017123222351, 'val_loss': 0.47985315322875977, 'val_nse': 0.5201468467712402, 'val_rmse': 2.2689831256866455, 'val_mae': 0.9036821126937866}
{'epoch': 6, 'train_loss': 0.7524087429046631, 'train_nse': 0.24759125709533691, 'val_loss': 0.4397389888763428, 'val_nse': 0.5602610111236572, 'val_rmse': 2.1720738410949707, 'val_mae': 0.6921473741531372}
{'epoch': 1, 'train_loss': 0.8891140818595886, 'train_nse': 0.11088591814041138, 'val_loss': 0.6050904393196106, 'val_nse': 0.3949095606803894, 'val_rmse': 2.7652735710144043, 'val_mae': 0.9551931619644165}
{'epoch': 2, 'train_loss': 0.8136408925056458, 'train_nse': 0.18635910749435425, 'val_loss': 0.5140842199325562, 'val_nse': 0.48591578006744385, 'val_rmse': 2.5488545894622803, 'val_mae': 0.8962379097938538}
{'epoch': 3, 'train_loss': 0.7887603044509888, 'train_nse': 0.21123969554901123, 'val_loss': 0.4900432825088501, 'val_nse': 0.5099567174911499, 'val_rmse': 2.4885432720184326, 'val_mae': 0.8879896998405457}
{'epoch': 4, 'train_loss': 0.7752574682235718, 'train_nse': 0.22474253177642822, 'val_loss': 0.4641183018684387, 'val_nse': 0.5358816981315613, 'val_rmse': 2.4218225479125977, 'val_mae': 0.8206700682640076}
{'epoch': 5, 'train_loss': 0.7688668966293335, 'train_nse': 0.2311331033706665, 'val_loss': 0.45550334453582764, 'val_nse': 0.5444966554641724, 'val_rmse': 2.399240255355835, 'val_mae': 0.7798548340797424}
{'epoch': 6, 'train_loss': 0.7644016742706299, 'train_nse': 0.23559832572937012, 'val_loss': 0.43359196186065674, 'val_nse': 0.5664080381393433, 'val_rmse': 2.34082293510437, 'val_mae': 0.7597630023956299}

=== Random search trial 4/8 ===
{'batch_size': 96, 'd_model': 160, 'dim_feedforward': 128, 'dropout': 0.2, 'learning_rate': 0.0002, 'nhead': 8, 'num_layers': 3, 'weight_decay': 0.0001}
{'epoch': 1, 'train_loss': 0.9488555788993835, 'train_nse': 0.051144421100616455, 'val_loss': 0.7093654274940491, 'val_nse': 0.2906345725059509, 'val_rmse': 3.4747002124786377, 'val_mae': 0.957805335521698}
{'epoch': 2, 'train_loss': 0.9256738424301147, 'train_nse': 0.07432615756988525, 'val_loss': 0.6520166993141174, 'val_nse': 0.34798330068588257, 'val_rmse': 3.3312840461730957, 'val_mae': 0.8484171032905579}
{'epoch': 3, 'train_loss': 0.9182522296905518, 'train_nse': 0.08174777030944824, 'val_loss': 0.62746262550354, 'val_nse': 0.37253737449645996, 'val_rmse': 3.267956495285034, 'val_mae': 0.8121953010559082}
{'epoch': 4, 'train_loss': 0.9148879051208496, 'train_nse': 0.08511209487915039, 'val_loss': 0.6112534403800964, 'val_nse': 0.38874655961990356, 'val_rmse': 3.2254698276519775, 'val_mae': 0.7767356038093567}
{'epoch': 5, 'train_loss': 0.9122072458267212, 'train_nse': 0.08779275417327881, 'val_loss': 0.6229963898658752, 'val_nse': 0.37700361013412476, 'val_rmse': 3.25630521774292, 'val_mae': 0.8130214810371399}
{'epoch': 6, 'train_loss': 0.9120956063270569, 'train_nse': 0.08790439367294312, 'val_loss': 0.608237087726593, 'val_nse': 0.391762912273407, 'val_rmse': 3.217501640319824, 'val_mae': 0.8049824237823486}
{'epoch': 1, 'train_loss': 0.9053700566291809, 'train_nse': 0.09462994337081909, 'val_loss': 0.6123360395431519, 'val_nse': 0.38766396045684814, 'val_rmse': 3.440279245376587, 'val_mae': 0.9894495606422424}
{'epoch': 2, 'train_loss': 0.8581231832504272, 'train_nse': 0.14187681674957275, 'val_loss': 0.5444115996360779, 'val_nse': 0.4555884003639221, 'val_rmse': 3.2438626289367676, 'val_mae': 0.9369964003562927}
{'epoch': 3, 'train_loss': 0.8480347990989685, 'train_nse': 0.1519652009010315, 'val_loss': 0.5190631151199341, 'val_nse': 0.4809368848800659, 'val_rmse': 3.1674435138702393, 'val_mae': 0.8760560154914856}
{'epoch': 4, 'train_loss': 0.8410240411758423, 'train_nse': 0.15897595882415771, 'val_loss': 0.5064802169799805, 'val_nse': 0.49351978302001953, 'val_rmse': 3.1288161277770996, 'val_mae': 0.9229243397712708}
{'epoch': 5, 'train_loss': 0.8401082754135132, 'train_nse': 0.15989172458648682, 'val_loss': 0.5162874460220337, 'val_nse': 0.4837125539779663, 'val_rmse': 3.158963203430176, 'val_mae': 1.1281620264053345}
{'epoch': 6, 'train_loss': 0.8363274335861206, 'train_nse': 0.1636725664138794, 'val_loss': 0.47103017568588257, 'val_nse': 0.5289698243141174, 'val_rmse': 3.0173323154449463, 'val_mae': 0.9305307269096375}
{'epoch': 1, 'train_loss': 0.8564015626907349, 'train_nse': 0.14359843730926514, 'val_loss': 0.5027863383293152, 'val_nse': 0.4972136616706848, 'val_rmse': 2.3804070949554443, 'val_mae': 0.8011332154273987}
{'epoch': 2, 'train_loss': 0.7877179384231567, 'train_nse': 0.21228206157684326, 'val_loss': 0.45769333839416504, 'val_nse': 0.542306661605835, 'val_rmse': 2.27115535736084, 'val_mae': 0.9108321070671082}
{'epoch': 3, 'train_loss': 0.7660040259361267, 'train_nse': 0.2339959740638733, 'val_loss': 0.41702234745025635, 'val_nse': 0.5829776525497437, 'val_rmse': 2.1678996086120605, 'val_mae': 0.7441697120666504}
{'epoch': 4, 'train_loss': 0.7572814226150513, 'train_nse': 0.24271857738494873, 'val_loss': 0.4276416301727295, 'val_nse': 0.5723583698272705, 'val_rmse': 2.1953284740448, 'val_mae': 0.7829506397247314}
{'epoch': 5, 'train_loss': 0.7497156262397766, 'train_nse': 0.2502843737602234, 'val_loss': 0.4178929328918457, 'val_nse': 0.5821070671081543, 'val_rmse': 2.170161485671997, 'val_mae': 0.8559871315956116}
Early stopping triggered.
{'epoch': 1, 'train_loss': 0.8434153199195862, 'train_nse': 0.15658468008041382, 'val_loss': 0.5663467049598694, 'val_nse': 0.4336532950401306, 'val_rmse': 2.725043535232544, 'val_mae': 0.9467446804046631}
{'epoch': 2, 'train_loss': 0.7688323855400085, 'train_nse': 0.23116761445999146, 'val_loss': 0.532014787197113, 'val_nse': 0.46798521280288696, 'val_rmse': 2.6411561965942383, 'val_mae': 0.863718569278717}
{'epoch': 3, 'train_loss': 0.7533170580863953, 'train_nse': 0.24668294191360474, 'val_loss': 0.5130279064178467, 'val_nse': 0.4869720935821533, 'val_rmse': 2.5935986042022705, 'val_mae': 0.8070783019065857}
{'epoch': 4, 'train_loss': 0.7436562180519104, 'train_nse': 0.2563437819480896, 'val_loss': 0.533159613609314, 'val_nse': 0.46684038639068604, 'val_rmse': 2.643996477127075, 'val_mae': 0.947914183139801}
{'epoch': 5, 'train_loss': 0.7417285442352295, 'train_nse': 0.2582714557647705, 'val_loss': 0.4945104718208313, 'val_nse': 0.5054895281791687, 'val_rmse': 2.546361207962036, 'val_mae': 0.7646440267562866}
{'epoch': 6, 'train_loss': 0.73499596118927, 'train_nse': 0.26500403881073, 'val_loss': 0.5012282133102417, 'val_nse': 0.4987717866897583, 'val_rmse': 2.5635986328125, 'val_mae': 0.7978915572166443}

=== Random search trial 5/8 ===
{'batch_size': 64, 'd_model': 128, 'dim_feedforward': 384, 'dropout': 0.05, 'learning_rate': 0.0001, 'nhead': 4, 'num_layers': 2, 'weight_decay': 1e-05}
{'epoch': 1, 'train_loss': 0.9359210133552551, 'train_nse': 0.06407898664474487, 'val_loss': 0.7779603004455566, 'val_nse': 0.22203969955444336, 'val_rmse': 4.396072864532471, 'val_mae': 1.1985374689102173}
{'epoch': 2, 'train_loss': 0.9028159976005554, 'train_nse': 0.09718400239944458, 'val_loss': 0.7221882343292236, 'val_nse': 0.27781176567077637, 'val_rmse': 4.235564708709717, 'val_mae': 1.0368496179580688}
{'epoch': 3, 'train_loss': 0.8935875296592712, 'train_nse': 0.10641247034072876, 'val_loss': 0.6960773468017578, 'val_nse': 0.3039226531982422, 'val_rmse': 4.158291339874268, 'val_mae': 0.898963987827301}
{'epoch': 4, 'train_loss': 0.8883059620857239, 'train_nse': 0.11169403791427612, 'val_loss': 0.6987265944480896, 'val_nse': 0.3012734055519104, 'val_rmse': 4.166196823120117, 'val_mae': 0.9249334931373596}
{'epoch': 5, 'train_loss': 0.8835546374320984, 'train_nse': 0.11644536256790161, 'val_loss': 0.6750844120979309, 'val_nse': 0.3249155879020691, 'val_rmse': 4.09510612487793, 'val_mae': 0.822741687297821}
{'epoch': 6, 'train_loss': 0.8816196322441101, 'train_nse': 0.11838036775588989, 'val_loss': 0.677119791507721, 'val_nse': 0.32288020849227905, 'val_rmse': 4.1012749671936035, 'val_mae': 0.827617347240448}
{'epoch': 1, 'train_loss': 0.9122595191001892, 'train_nse': 0.08774048089981079, 'val_loss': 0.6242591142654419, 'val_nse': 0.3757408857345581, 'val_rmse': 3.017164468765259, 'val_mae': 0.9287103414535522}
{'epoch': 2, 'train_loss': 0.8534932732582092, 'train_nse': 0.14650672674179077, 'val_loss': 0.54964280128479, 'val_nse': 0.45035719871520996, 'val_rmse': 2.8311104774475098, 'val_mae': 0.8364109992980957}
{'epoch': 3, 'train_loss': 0.8385300040245056, 'train_nse': 0.16146999597549438, 'val_loss': 0.5088424682617188, 'val_nse': 0.49115753173828125, 'val_rmse': 2.7240071296691895, 'val_mae': 0.8721668720245361}
{'epoch': 4, 'train_loss': 0.8285688757896423, 'train_nse': 0.17143112421035767, 'val_loss': 0.4870220422744751, 'val_nse': 0.5129779577255249, 'val_rmse': 2.664961099624634, 'val_mae': 0.8159040808677673}
{'epoch': 5, 'train_loss': 0.821811318397522, 'train_nse': 0.17818868160247803, 'val_loss': 0.4845719337463379, 'val_nse': 0.5154280662536621, 'val_rmse': 2.6582491397857666, 'val_mae': 0.8403117060661316}
{'epoch': 6, 'train_loss': 0.8177464604377747, 'train_nse': 0.18225353956222534, 'val_loss': 0.47526562213897705, 'val_nse': 0.524734377861023, 'val_rmse': 2.632599115371704, 'val_mae': 0.8180029392242432}
{'epoch': 1, 'train_loss': 0.8626710176467896, 'train_nse': 0.13732898235321045, 'val_loss': 0.6047784686088562, 'val_nse': 0.3952215313911438, 'val_rmse': 2.851543426513672, 'val_mae': 0.8504956364631653}
{'epoch': 2, 'train_loss': 0.7860604524612427, 'train_nse': 0.21393954753875732, 'val_loss': 0.5471954941749573, 'val_nse': 0.4528045058250427, 'val_rmse': 2.7123961448669434, 'val_mae': 0.7749007344245911}
{'epoch': 3, 'train_loss': 0.7664664387702942, 'train_nse': 0.2335335612297058, 'val_loss': 0.5170808434486389, 'val_nse': 0.4829191565513611, 'val_rmse': 2.636702060699463, 'val_mae': 0.835358738899231}
{'epoch': 4, 'train_loss': 0.7560765743255615, 'train_nse': 0.24392342567443848, 'val_loss': 0.4808770418167114, 'val_nse': 0.5191229581832886, 'val_rmse': 2.54272198677063, 'val_mae': 0.723362386226654}
{'epoch': 5, 'train_loss': 0.748910129070282, 'train_nse': 0.251089870929718, 'val_loss': 0.46356701850891113, 'val_nse': 0.5364329814910889, 'val_rmse': 2.496537685394287, 'val_mae': 0.7391876578330994}
{'epoch': 6, 'train_loss': 0.745302140712738, 'train_nse': 0.25469785928726196, 'val_loss': 0.45867884159088135, 'val_nse': 0.5413211584091187, 'val_rmse': 2.48334002494812, 'val_mae': 0.771918535232544}
{'epoch': 1, 'train_loss': 0.8342289924621582, 'train_nse': 0.1657710075378418, 'val_loss': 0.6086701154708862, 'val_nse': 0.39132988452911377, 'val_rmse': 2.9466984272003174, 'val_mae': 0.8822298049926758}
{'epoch': 2, 'train_loss': 0.723422110080719, 'train_nse': 0.276577889919281, 'val_loss': 0.5366004705429077, 'val_nse': 0.4633995294570923, 'val_rmse': 2.766752004623413, 'val_mae': 0.8126780986785889}
{'epoch': 3, 'train_loss': 0.6911771297454834, 'train_nse': 0.3088228702545166, 'val_loss': 0.4948160648345947, 'val_nse': 0.5051839351654053, 'val_rmse': 2.6568474769592285, 'val_mae': 0.8560634255409241}
{'epoch': 4, 'train_loss': 0.6807589530944824, 'train_nse': 0.3192410469055176, 'val_loss': 0.4894829988479614, 'val_nse': 0.5105170011520386, 'val_rmse': 2.642491102218628, 'val_mae': 0.85970139503479}
{'epoch': 5, 'train_loss': 0.667484700679779, 'train_nse': 0.33251529932022095, 'val_loss': 0.4680975675582886, 'val_nse': 0.5319024324417114, 'val_rmse': 2.5841212272644043, 'val_mae': 0.8808053135871887}
{'epoch': 6, 'train_loss': 0.6631264686584473, 'train_nse': 0.33687353134155273, 'val_loss': 0.4668416976928711, 'val_nse': 0.5331583023071289, 'val_rmse': 2.5806524753570557, 'val_mae': 0.7656111717224121}

=== Random search trial 6/8 ===
{'batch_size': 128, 'd_model': 128, 'dim_feedforward': 512, 'dropout': 0.2, 'learning_rate': 0.0001, 'nhead': 8, 'num_layers': 2, 'weight_decay': 0.0}
{'epoch': 1, 'train_loss': 0.9579808712005615, 'train_nse': 0.04201912879943848, 'val_loss': 0.6969752907752991, 'val_nse': 0.3030247092247009, 'val_rmse': 3.0765881538391113, 'val_mae': 0.9301673173904419}
{'epoch': 2, 'train_loss': 0.9186636209487915, 'train_nse': 0.0813363790512085, 'val_loss': 0.6330528855323792, 'val_nse': 0.36694711446762085, 'val_rmse': 2.932112693786621, 'val_mae': 0.8707156777381897}
{'epoch': 3, 'train_loss': 0.9068487286567688, 'train_nse': 0.0931512713432312, 'val_loss': 0.5938239693641663, 'val_nse': 0.40617603063583374, 'val_rmse': 2.8398115634918213, 'val_mae': 0.8570736050605774}
{'epoch': 4, 'train_loss': 0.8990715742111206, 'train_nse': 0.1009284257888794, 'val_loss': 0.5704094171524048, 'val_nse': 0.4295905828475952, 'val_rmse': 2.783261299133301, 'val_mae': 0.8049412965774536}
{'epoch': 5, 'train_loss': 0.893565833568573, 'train_nse': 0.106434166431427, 'val_loss': 0.5611135959625244, 'val_nse': 0.4388864040374756, 'val_rmse': 2.760488986968994, 'val_mae': 0.8240622282028198}
{'epoch': 6, 'train_loss': 0.8906873464584351, 'train_nse': 0.10931265354156494, 'val_loss': 0.5469333529472351, 'val_nse': 0.4530666470527649, 'val_rmse': 2.7253849506378174, 'val_mae': 0.7794253826141357}
{'epoch': 1, 'train_loss': 0.9332436919212341, 'train_nse': 0.06675630807876587, 'val_loss': 0.6577509641647339, 'val_nse': 0.3422490358352661, 'val_rmse': 3.0146889686584473, 'val_mae': 1.0198315382003784}
{'epoch': 2, 'train_loss': 0.8787223100662231, 'train_nse': 0.12127768993377686, 'val_loss': 0.5846520662307739, 'val_nse': 0.4153479337692261, 'val_rmse': 2.842238426208496, 'val_mae': 0.9845606684684753}
{'epoch': 3, 'train_loss': 0.8605372309684753, 'train_nse': 0.13946276903152466, 'val_loss': 0.5491986870765686, 'val_nse': 0.4508013129234314, 'val_rmse': 2.754714012145996, 'val_mae': 0.9216954708099365}
{'epoch': 4, 'train_loss': 0.8480698466300964, 'train_nse': 0.15193015336990356, 'val_loss': 0.5118938088417053, 'val_nse': 0.4881061911582947, 'val_rmse': 2.659510374069214, 'val_mae': 0.8804368376731873}
{'epoch': 5, 'train_loss': 0.8414965271949768, 'train_nse': 0.1585034728050232, 'val_loss': 0.5072279572486877, 'val_nse': 0.49277204275131226, 'val_rmse': 2.647361993789673, 'val_mae': 0.9013645052909851}
{'epoch': 6, 'train_loss': 0.8360001444816589, 'train_nse': 0.16399985551834106, 'val_loss': 0.4896531105041504, 'val_nse': 0.5103468894958496, 'val_rmse': 2.6010937690734863, 'val_mae': 0.8608452677726746}
{'epoch': 1, 'train_loss': 0.9195133447647095, 'train_nse': 0.08048665523529053, 'val_loss': 0.7167887091636658, 'val_nse': 0.28321129083633423, 'val_rmse': 3.1162848472595215, 'val_mae': 1.3467544317245483}
{'epoch': 2, 'train_loss': 0.8419021964073181, 'train_nse': 0.15809780359268188, 'val_loss': 0.5570955872535706, 'val_nse': 0.44290441274642944, 'val_rmse': 2.7473020553588867, 'val_mae': 0.8301251530647278}
{'epoch': 3, 'train_loss': 0.812844455242157, 'train_nse': 0.18715554475784302, 'val_loss': 0.5219104290008545, 'val_nse': 0.4780895709991455, 'val_rmse': 2.6591298580169678, 'val_mae': 0.8366910815238953}
{'epoch': 4, 'train_loss': 0.7987579703330994, 'train_nse': 0.20124202966690063, 'val_loss': 0.49620747566223145, 'val_nse': 0.5037925243377686, 'val_rmse': 2.592825174331665, 'val_mae': 0.7869455814361572}
{'epoch': 5, 'train_loss': 0.7879365682601929, 'train_nse': 0.21206343173980713, 'val_loss': 0.49434614181518555, 'val_nse': 0.5056538581848145, 'val_rmse': 2.5879576206207275, 'val_mae': 0.8466525673866272}
{'epoch': 6, 'train_loss': 0.7788898348808289, 'train_nse': 0.22111016511917114, 'val_loss': 0.48105478286743164, 'val_nse': 0.5189452171325684, 'val_rmse': 2.552929401397705, 'val_mae': 0.7759912610054016}
{'epoch': 1, 'train_loss': 0.899693489074707, 'train_nse': 0.10030651092529297, 'val_loss': 0.7152261137962341, 'val_nse': 0.28477388620376587, 'val_rmse': 3.2657968997955322, 'val_mae': 1.1509692668914795}
{'epoch': 2, 'train_loss': 0.7990172505378723, 'train_nse': 0.20098274946212769, 'val_loss': 0.625626802444458, 'val_nse': 0.374373197555542, 'val_rmse': 3.0543949604034424, 'val_mae': 0.9993324279785156}
{'epoch': 3, 'train_loss': 0.7644015550613403, 'train_nse': 0.23559844493865967, 'val_loss': 0.5824609398841858, 'val_nse': 0.4175390601158142, 'val_rmse': 2.94714093208313, 'val_mae': 0.9328674077987671}
{'epoch': 4, 'train_loss': 0.7443166971206665, 'train_nse': 0.2556833028793335, 'val_loss': 0.5800480246543884, 'val_nse': 0.4199519753456116, 'val_rmse': 2.941030263900757, 'val_mae': 0.998263418674469}
{'epoch': 5, 'train_loss': 0.7307177782058716, 'train_nse': 0.2692822217941284, 'val_loss': 0.5581685304641724, 'val_nse': 0.44183146953582764, 'val_rmse': 2.8850290775299072, 'val_mae': 0.9515571594238281}
{'epoch': 6, 'train_loss': 0.7220355868339539, 'train_nse': 0.27796441316604614, 'val_loss': 0.5593200922012329, 'val_nse': 0.4406799077987671, 'val_rmse': 2.888003349304199, 'val_mae': 0.8567313551902771}

=== Random search trial 7/8 ===
{'batch_size': 128, 'd_model': 160, 'dim_feedforward': 512, 'dropout': 0.05, 'learning_rate': 0.0002, 'nhead': 4, 'num_layers': 2, 'weight_decay': 0.0}
{'epoch': 1, 'train_loss': 0.9304845929145813, 'train_nse': 0.0695154070854187, 'val_loss': 0.6665342450141907, 'val_nse': 0.3334657549858093, 'val_rmse': 3.3669228553771973, 'val_mae': 0.844158947467804}
{'epoch': 2, 'train_loss': 0.8995710611343384, 'train_nse': 0.10042893886566162, 'val_loss': 0.6615443825721741, 'val_nse': 0.3384556174278259, 'val_rmse': 3.3542962074279785, 'val_mae': 1.072007656097412}
{'epoch': 3, 'train_loss': 0.8908107876777649, 'train_nse': 0.10918921232223511, 'val_loss': 0.601732611656189, 'val_nse': 0.39826738834381104, 'val_rmse': 3.1990697383880615, 'val_mae': 0.8064019680023193}
{'epoch': 4, 'train_loss': 0.8875364065170288, 'train_nse': 0.11246359348297119, 'val_loss': 0.5999711751937866, 'val_nse': 0.4000288248062134, 'val_rmse': 3.1943840980529785, 'val_mae': 0.8888213634490967}
{'epoch': 5, 'train_loss': 0.8846014738082886, 'train_nse': 0.11539852619171143, 'val_loss': 0.6365423798561096, 'val_nse': 0.3634576201438904, 'val_rmse': 3.2903008460998535, 'val_mae': 0.9452767968177795}
{'epoch': 6, 'train_loss': 0.8823825120925903, 'train_nse': 0.11761748790740967, 'val_loss': 0.6004130840301514, 'val_nse': 0.39958691596984863, 'val_rmse': 3.1955602169036865, 'val_mae': 0.798485517501831}
Early stopping triggered.
{'epoch': 1, 'train_loss': 0.8820516467094421, 'train_nse': 0.11794835329055786, 'val_loss': 0.6096736788749695, 'val_nse': 0.3903263211250305, 'val_rmse': 3.272779703140259, 'val_mae': 0.9151153564453125}
{'epoch': 2, 'train_loss': 0.8271989822387695, 'train_nse': 0.17280101776123047, 'val_loss': 0.5479124188423157, 'val_nse': 0.4520875811576843, 'val_rmse': 3.1025846004486084, 'val_mae': 0.8554967641830444}
{'epoch': 3, 'train_loss': 0.813198447227478, 'train_nse': 0.18680155277252197, 'val_loss': 0.5365365147590637, 'val_nse': 0.4634634852409363, 'val_rmse': 3.070207357406616, 'val_mae': 0.8375627398490906}
{'epoch': 4, 'train_loss': 0.810010552406311, 'train_nse': 0.18998944759368896, 'val_loss': 0.5237570405006409, 'val_nse': 0.47624295949935913, 'val_rmse': 3.0334231853485107, 'val_mae': 0.8509403467178345}
{'epoch': 5, 'train_loss': 0.8044499158859253, 'train_nse': 0.1955500841140747, 'val_loss': 0.5033375024795532, 'val_nse': 0.4966624975204468, 'val_rmse': 2.9737038612365723, 'val_mae': 0.8870007991790771}
{'epoch': 6, 'train_loss': 0.801112174987793, 'train_nse': 0.19888782501220703, 'val_loss': 0.5299599766731262, 'val_nse': 0.4700400233268738, 'val_rmse': 3.051332950592041, 'val_mae': 0.8597527742385864}
{'epoch': 1, 'train_loss': 0.8151275515556335, 'train_nse': 0.18487244844436646, 'val_loss': 0.5153148770332336, 'val_nse': 0.48468512296676636, 'val_rmse': 2.335353374481201, 'val_mae': 0.9146283864974976}
{'epoch': 2, 'train_loss': 0.7339935898780823, 'train_nse': 0.2660064101219177, 'val_loss': 0.42213910818099976, 'val_nse': 0.5778608918190002, 'val_rmse': 2.113703489303589, 'val_mae': 0.7843889594078064}
{'epoch': 3, 'train_loss': 0.7136099338531494, 'train_nse': 0.2863900661468506, 'val_loss': 0.4047290086746216, 'val_nse': 0.5952709913253784, 'val_rmse': 2.069657325744629, 'val_mae': 0.6885839700698853}
{'epoch': 4, 'train_loss': 0.7040752172470093, 'train_nse': 0.2959247827529907, 'val_loss': 0.40904712677001953, 'val_nse': 0.5909528732299805, 'val_rmse': 2.0806686878204346, 'val_mae': 0.7863146066665649}
{'epoch': 5, 'train_loss': 0.6973993182182312, 'train_nse': 0.3026006817817688, 'val_loss': 0.41212862730026245, 'val_nse': 0.5878713726997375, 'val_rmse': 2.088491201400757, 'val_mae': 0.7328878045082092}
Early stopping triggered.
{'epoch': 1, 'train_loss': 0.8510693311691284, 'train_nse': 0.14893066883087158, 'val_loss': 0.5737793445587158, 'val_nse': 0.4262206554412842, 'val_rmse': 3.073961019515991, 'val_mae': 0.9286835789680481}
{'epoch': 2, 'train_loss': 0.7750436067581177, 'train_nse': 0.22495639324188232, 'val_loss': 0.5415846705436707, 'val_nse': 0.45841532945632935, 'val_rmse': 2.986476182937622, 'val_mae': 0.8611342310905457}
{'epoch': 3, 'train_loss': 0.7559283971786499, 'train_nse': 0.2440716028213501, 'val_loss': 0.5271520018577576, 'val_nse': 0.47284799814224243, 'val_rmse': 2.9464142322540283, 'val_mae': 0.8484774827957153}
{'epoch': 4, 'train_loss': 0.7445565462112427, 'train_nse': 0.2554434537887573, 'val_loss': 0.4821211099624634, 'val_nse': 0.5178788900375366, 'val_rmse': 2.8177599906921387, 'val_mae': 0.9303665161132812}
{'epoch': 5, 'train_loss': 0.7359862923622131, 'train_nse': 0.26401370763778687, 'val_loss': 0.48653852939605713, 'val_nse': 0.5134614706039429, 'val_rmse': 2.830639123916626, 'val_mae': 0.9534546136856079}
{'epoch': 6, 'train_loss': 0.7299070954322815, 'train_nse': 0.2700929045677185, 'val_loss': 0.5221444368362427, 'val_nse': 0.4778555631637573, 'val_rmse': 2.9323863983154297, 'val_mae': 0.8518213629722595}
Early stopping triggered.

=== Random search trial 8/8 ===
{'batch_size': 128, 'd_model': 96, 'dim_feedforward': 128, 'dropout': 0.05, 'learning_rate': 0.0002, 'nhead': 8, 'num_layers': 4, 'weight_decay': 0.0}
{'epoch': 1, 'train_loss': 0.944925844669342, 'train_nse': 0.05507415533065796, 'val_loss': 0.6934060454368591, 'val_nse': 0.30659395456314087, 'val_rmse': 3.4644150733947754, 'val_mae': 0.959470808506012}
{'epoch': 2, 'train_loss': 0.9077766537666321, 'train_nse': 0.09222334623336792, 'val_loss': 0.6385247111320496, 'val_nse': 0.36147528886795044, 'val_rmse': 3.3244895935058594, 'val_mae': 0.8455175757408142}
{'epoch': 3, 'train_loss': 0.8965253829956055, 'train_nse': 0.10347461700439453, 'val_loss': 0.6081874370574951, 'val_nse': 0.3918125629425049, 'val_rmse': 3.2445528507232666, 'val_mae': 0.8163926601409912}
{'epoch': 4, 'train_loss': 0.8909881114959717, 'train_nse': 0.10901188850402832, 'val_loss': 0.5943542122840881, 'val_nse': 0.40564578771591187, 'val_rmse': 3.207441806793213, 'val_mae': 0.7632390856742859}
{'epoch': 5, 'train_loss': 0.8867968320846558, 'train_nse': 0.11320316791534424, 'val_loss': 0.5823782682418823, 'val_nse': 0.4176217317581177, 'val_rmse': 3.1749632358551025, 'val_mae': 0.7944488525390625}
{'epoch': 6, 'train_loss': 0.8873862624168396, 'train_nse': 0.1126137375831604, 'val_loss': 0.5772081017494202, 'val_nse': 0.42279189825057983, 'val_rmse': 3.1608386039733887, 'val_mae': 0.753068208694458}
{'epoch': 1, 'train_loss': 0.9063256978988647, 'train_nse': 0.09367430210113525, 'val_loss': 0.6247254610061646, 'val_nse': 0.37527453899383545, 'val_rmse': 3.138225793838501, 'val_mae': 0.9496288299560547}
{'epoch': 2, 'train_loss': 0.840844452381134, 'train_nse': 0.15915554761886597, 'val_loss': 0.5497851967811584, 'val_nse': 0.45021480321884155, 'val_rmse': 2.94398832321167, 'val_mae': 0.9167752861976624}
{'epoch': 3, 'train_loss': 0.8230408430099487, 'train_nse': 0.17695915699005127, 'val_loss': 0.5166946053504944, 'val_nse': 0.4833053946495056, 'val_rmse': 2.8540167808532715, 'val_mae': 0.9209615588188171}
{'epoch': 4, 'train_loss': 0.8124423027038574, 'train_nse': 0.18755769729614258, 'val_loss': 0.5051798820495605, 'val_nse': 0.49482011795043945, 'val_rmse': 2.8220365047454834, 'val_mae': 0.8184423446655273}
{'epoch': 5, 'train_loss': 0.8086515069007874, 'train_nse': 0.19134849309921265, 'val_loss': 0.484576940536499, 'val_nse': 0.515423059463501, 'val_rmse': 2.7638912200927734, 'val_mae': 0.9010156989097595}
{'epoch': 6, 'train_loss': 0.805278480052948, 'train_nse': 0.194721519947052, 'val_loss': 0.475439190864563, 'val_nse': 0.524560809135437, 'val_rmse': 2.7377076148986816, 'val_mae': 0.8337060809135437}
{'epoch': 1, 'train_loss': 0.896571159362793, 'train_nse': 0.10342884063720703, 'val_loss': 0.5604144930839539, 'val_nse': 0.43958550691604614, 'val_rmse': 2.5638930797576904, 'val_mae': 0.8331159949302673}
{'epoch': 2, 'train_loss': 0.8303551077842712, 'train_nse': 0.16964489221572876, 'val_loss': 0.5430958271026611, 'val_nse': 0.45690417289733887, 'val_rmse': 2.523965835571289, 'val_mae': 0.8068968653678894}
{'epoch': 3, 'train_loss': 0.8107662796974182, 'train_nse': 0.1892337203025818, 'val_loss': 0.4558347463607788, 'val_nse': 0.5441652536392212, 'val_rmse': 2.3123254776000977, 'val_mae': 0.8851131796836853}
{'epoch': 4, 'train_loss': 0.80035799741745, 'train_nse': 0.19964200258255005, 'val_loss': 0.4454768896102905, 'val_nse': 0.5545231103897095, 'val_rmse': 2.285903215408325, 'val_mae': 0.7327244281768799}
{'epoch': 5, 'train_loss': 0.7941290140151978, 'train_nse': 0.20587098598480225, 'val_loss': 0.4118458032608032, 'val_nse': 0.5881541967391968, 'val_rmse': 2.197923421859741, 'val_mae': 0.7625589966773987}
{'epoch': 6, 'train_loss': 0.7879571318626404, 'train_nse': 0.21204286813735962, 'val_loss': 0.406879186630249, 'val_nse': 0.593120813369751, 'val_rmse': 2.1846301555633545, 'val_mae': 0.7565464973449707}
{'epoch': 1, 'train_loss': 0.8866503238677979, 'train_nse': 0.11334967613220215, 'val_loss': 0.6790328025817871, 'val_nse': 0.3209671974182129, 'val_rmse': 3.438656806945801, 'val_mae': 0.9217718243598938}
{'epoch': 2, 'train_loss': 0.8035330176353455, 'train_nse': 0.19646698236465454, 'val_loss': 0.6110502481460571, 'val_nse': 0.38894975185394287, 'val_rmse': 3.2619845867156982, 'val_mae': 0.8469002842903137}
{'epoch': 3, 'train_loss': 0.7849278450012207, 'train_nse': 0.2150721549987793, 'val_loss': 0.5808449387550354, 'val_nse': 0.4191550612449646, 'val_rmse': 3.180339813232422, 'val_mae': 0.8452604413032532}
{'epoch': 4, 'train_loss': 0.7761026620864868, 'train_nse': 0.22389733791351318, 'val_loss': 0.5694126486778259, 'val_nse': 0.4305873513221741, 'val_rmse': 3.1488864421844482, 'val_mae': 0.8981809616088867}
{'epoch': 5, 'train_loss': 0.7693795561790466, 'train_nse': 0.23062044382095337, 'val_loss': 0.5568566918373108, 'val_nse': 0.4431433081626892, 'val_rmse': 3.1139755249023438, 'val_mae': 0.8115950226783752}
{'epoch': 6, 'train_loss': 0.7663674354553223, 'train_nse': 0.23363256454467773, 'val_loss': 0.5470679402351379, 'val_nse': 0.45293205976486206, 'val_rmse': 3.08648419380188, 'val_mae': 0.8394018411636353}
Best random-search configuration:
{'batch_size': 96.0, 'd_model': 128.0, 'dim_feedforward': 256.0, 'dropout': 0.1, 'learning_rate': 0.0001, 'nhead': 8.0, 'num_layers': 4.0, 'weight_decay': 0.0, 'trial': 3.0, 'elapsed_sec': 582.170138835907, 'cv_mean_best_epoch': 6.0, 'cv_mean_val_nse': 0.5074958503246307, 'cv_std_val_nse': 0.09104617255731129, 'cv_mean_val_rmse': 2.6082032322883606, 'cv_mean_val_mae': 0.7819461077451706}
Final training epochs chosen from CV: 6
{'epoch': 1, 'train_loss': 0.6733536720275879, 'train_nse': 0.3266463279724121}
{'epoch': 2, 'train_loss': 0.6553808450698853, 'train_nse': 0.34461915493011475}
{'epoch': 3, 'train_loss': 0.6459826827049255, 'train_nse': 0.35401731729507446}
{'epoch': 4, 'train_loss': 0.6378669142723083, 'train_nse': 0.36213308572769165}
{'epoch': 5, 'train_loss': 0.630767822265625, 'train_nse': 0.369232177734375}
{'epoch': 6, 'train_loss': 0.624985933303833, 'train_nse': 0.375014066696167}
Independent holdout metrics: {'rmse': 11.86125373840332, 'mae': 1.5188426971435547, 'nse': 0.04712247848510742, 'loss': 0.9528775215148926}
Saved config:       /raven/u/xshan/camels_train/data/CAMELS_data_load/model_artifacts/raven_default/vanilla_transformer_config.json
Saved search:       /raven/u/xshan/camels_train/data/CAMELS_data_load/model_artifacts/raven_default/vanilla_transformer_random_search_results.csv
Saved fold results: /raven/u/xshan/camels_train/data/CAMELS_data_load/model_artifacts/raven_default/vanilla_transformer_cv_fold_results.csv
Saved history:      /raven/u/xshan/camels_train/data/CAMELS_data_load/model_artifacts/raven_default/vanilla_transformer_final_history.csv
Saved holdout:      /raven/u/xshan/camels_train/data/CAMELS_data_load/model_artifacts/raven_default/vanilla_transformer_holdout_metrics.json
Saved checkpoint:   /raven/u/xshan/camels_train/data/CAMELS_data_load/model_artifacts/raven_default/vanilla_transformer_best.pt
Saved plot:         /raven/u/xshan/camels_train/data/CAMELS_data_load/model_artifacts/raven_default/vanilla_transformer_training_plots.png
Training command exited with code 0
Training completed successfully. DONE flag found.
                                  
================================= 
Global information about the job: 
================================= 
  
Job owner: xshan(41816)
Job name:  camels_vit_qobs
Node list: ravg1008
Job start: Tue Apr 28 23:09:46 CEST 2026
Job end:   Wed Apr 29 04:51:24 CEST 2026
Work dir:  /u/xshan/camels_train/data/CAMELS_data_load
Command:   /raven/u/xshan/camels_train/data/CAMELS_data_load/submit_raven_vanilla_transformer_qobs.sh
  
  
  
==========================================================================================
Information on jobsteps (Note: MaxRSS/AveRSS is the maximum/average over all 
tasks of the per-task memory high-water marks; cf. "man sacct"): 
==========================================================================================
  
JobID            JobName NNodes NTasks  NCPUS       MaxRSS       AveRSS    Elapsed ExitCode
------------- ---------- ------ ------ ------ ------------ ------------ ---------- --------
26728524      camels_vit      1            36                             05:41:38      0:0
  
Maximum memory per node: 5.540221 GB (defined as MaxRSS*Ntasks/NNodes)
CPU utilization: 7.7 %
  
